components/AnimatedCounter.tsx(22,24): error TS2554: Expected 1 arguments, but got 0.
components/AnimatedCounter.tsx(23,26): error TS2554: Expected 1 arguments, but got 0.
components/ManualOrderForm.tsx(150,28): error TS2345: Argument of type '{ id: string; orderNumber: string; customerName: string; customerEmail: string; customerPhone: string; items: OrderItem[]; subtotal: number; tax: number; discount: number; total: number; ... 8 more ...; shippingAddress: { ...; }; }' is not assignable to parameter of type 'Order'.
  Property 'isGuest' is missing in type '{ id: string; orderNumber: string; customerName: string; customerEmail: string; customerPhone: string; items: OrderItem[]; subtotal: number; tax: number; discount: number; total: number; ... 8 more ...; shippingAddress: { ...; }; }' but required in type 'Order'.
pages/Help.tsx(7,22): error TS2503: Cannot find namespace 'JSX'.
pages/Home.tsx(51,18): error TS2678: Type '"vip"' is not comparable to type '"hero" | "featured" | "custom_inquiry_cta" | "grid" | "about_teaser"'.
pages/OrderHistory.tsx(13,22): error TS2339: Property 'status' does not exist on type 'Order'.
pages/OrderHistory.tsx(80,130): error TS2339: Property 'status' does not exist on type 'Order'.
pages/OrderHistory.tsx(81,52): error TS2339: Property 'status' does not exist on type 'Order'.
pages/OrderHistory.tsx(117,59): error TS2339: Property 'size' does not exist on type 'OrderItem'.
pages/OrderHistory.tsx(117,81): error TS2339: Property 'size' does not exist on type 'OrderItem'.
pages/PublicWishlist.tsx(12,23): error TS2339: Property 'users' does not exist on type 'AppState'.
pages/PublicWishlist.tsx(153,21): error TS2322: Type '{ shareId: string; userName: string; itemCount: number; onClose: () => void; }' is not assignable to type 'IntrinsicAttributes & WishlistShareProps'.
  Property 'shareId' does not exist on type 'IntrinsicAttributes & WishlistShareProps'.
product_details_restored.tsx(4,24): error TS2307: Cannot find module '../context/AppContext' or its corresponding type declarations.
product_details_restored.tsx(5,39): error TS2307: Cannot find module '../types' or its corresponding type declarations.
product_details_restored.tsx(7,10): error TS2305: Module '"../services/web3Service"' has no exported member 'checkNftOwnership'.
product_details_restored.tsx(7,29): error TS2305: Module '"../services/web3Service"' has no exported member 'switchToPolygon'.
product_details_stable.tsx(4,24): error TS2307: Cannot find module '../context/AppContext' or its corresponding type declarations.
product_details_stable.tsx(5,39): error TS2307: Cannot find module '../types' or its corresponding type declarations.
product_details_stable.tsx(7,10): error TS2305: Module '"../services/web3Service"' has no exported member 'checkNftOwnership'.
product_details_stable.tsx(7,29): error TS2305: Module '"../services/web3Service"' has no exported member 'switchToPolygon'.
services/web3Service.ts(12,9): error TS2687: All declarations of 'ethereum' must have identical modifiers.
tests/noRefundsPolicy.test.ts(3,54): error TS2307: Cannot find module 'vitest' or its corresponding type declarations.
tests/noRefundsPolicy.test.ts(169,47): error TS2304: Cannot find name 'SALES_FINAL_ENABLED'.
../services/web3Service.ts(1,24): error TS2307: Cannot find module 'ethers' or its corresponding type declarations.
../services/web3Service.ts(6,5): error TS2687: All declarations of 'ethereum' must have identical modifiers.
